31/08/2021 20:25:30
31/08/2021 20:25:36
31/08/2021 20:25:41
31/08/2021 20:25:46
31/08/2021 20:25:51
31/08/2021 20:25:56
31/08/2021 20:26:01
31/08/2021 20:27:06
31/08/2021 20:27:11
31/08/2021 20:27:16
31/08/2021 20:27:21
31/08/2021 20:27:26
31/08/2021 20:27:31
31/08/2021 20:27:36
31/08/2021 20:27:42
31/08/2021 20:27:47
31/08/2021 20:27:52
